// Jest Snapshot v1, https://goo.gl/fbAQLP

exports[`renders correctly 1`] = `
<section
  className="sc-bwzfXH dabeYK"
>
  <h1
    className="sc-bdVaJa bzmvhR"
  >
    Hello World, this is my first styled component!
  </h1>
  <h1
    className="sc-bdVaJa bzmvhR"
  >
    SSR works too!
  </h1>
</section>
`;
