// Jest Snapshot v1, https://goo.gl/fbAQLP

exports[`main broker tests sub <- INCOMING_TOPICS.ACKNOWLEDGE_BATCH_TOPIC 1`] = `
Array [
  "zmq.socket",
  "xpub",
  "xpub.setsockopt",
  undefined,
  1000,
  "xpub.setsockopt",
  undefined,
  0,
  "xpub.bindSync",
  "tcp://127.0.0.1:3500",
  "xpub.on",
  "message",
  "zmq.socket",
  "sub",
  "sub.setsockopt",
  undefined,
  Object {
    "data": Array [
      69,
      86,
      69,
      78,
      84,
      45,
      84,
      79,
      80,
      73,
      67,
    ],
    "type": "Buffer",
  },
  "sub.setsockopt",
  undefined,
  Object {
    "data": Array [
      82,
      69,
      83,
      69,
      84,
      45,
      76,
      73,
      83,
      84,
      69,
      78,
      69,
      82,
      45,
      84,
      79,
      80,
      73,
      67,
    ],
    "type": "Buffer",
  },
  "sub.setsockopt",
  undefined,
  Object {
    "data": Array [
      80,
      65,
      85,
      83,
      69,
      45,
      76,
      73,
      83,
      84,
      69,
      78,
      69,
      82,
      45,
      84,
      79,
      80,
      73,
      67,
    ],
    "type": "Buffer",
  },
  "sub.setsockopt",
  undefined,
  Object {
    "data": Array [
      82,
      69,
      83,
      85,
      77,
      69,
      45,
      76,
      73,
      83,
      84,
      69,
      78,
      69,
      82,
      45,
      84,
      79,
      80,
      73,
      67,
    ],
    "type": "Buffer",
  },
  "sub.setsockopt",
  undefined,
  Object {
    "data": Array [
      65,
      67,
      75,
      78,
      79,
      87,
      76,
      69,
      68,
      71,
      69,
      45,
      66,
      65,
      84,
      67,
      72,
      45,
      84,
      79,
      80,
      73,
      67,
    ],
    "type": "Buffer",
  },
  "sub.setsockopt",
  undefined,
  Object {
    "data": Array [
      73,
      78,
      70,
      79,
      82,
      77,
      65,
      84,
      73,
      79,
      78,
      45,
      84,
      79,
      80,
      73,
      67,
    ],
    "type": "Buffer",
  },
  "sub.setsockopt",
  undefined,
  Object {
    "data": Array [
      80,
      82,
      79,
      80,
      69,
      82,
      84,
      73,
      69,
      83,
      45,
      84,
      79,
      80,
      73,
      67,
    ],
    "type": "Buffer",
  },
  "sub.bindSync",
  "tcp://127.0.0.1:3501",
  "sub.on",
  "message",
]
`;

exports[`main broker tests sub <- INCOMING_TOPICS.EVENT_TOPIC 1`] = `
Array [
  "zmq.socket",
  "xpub",
  "xpub.setsockopt",
  undefined,
  1000,
  "xpub.setsockopt",
  undefined,
  0,
  "xpub.bindSync",
  "tcp://127.0.0.1:3500",
  "xpub.on",
  "message",
  "zmq.socket",
  "sub",
  "sub.setsockopt",
  undefined,
  Object {
    "data": Array [
      69,
      86,
      69,
      78,
      84,
      45,
      84,
      79,
      80,
      73,
      67,
    ],
    "type": "Buffer",
  },
  "sub.setsockopt",
  undefined,
  Object {
    "data": Array [
      82,
      69,
      83,
      69,
      84,
      45,
      76,
      73,
      83,
      84,
      69,
      78,
      69,
      82,
      45,
      84,
      79,
      80,
      73,
      67,
    ],
    "type": "Buffer",
  },
  "sub.setsockopt",
  undefined,
  Object {
    "data": Array [
      80,
      65,
      85,
      83,
      69,
      45,
      76,
      73,
      83,
      84,
      69,
      78,
      69,
      82,
      45,
      84,
      79,
      80,
      73,
      67,
    ],
    "type": "Buffer",
  },
  "sub.setsockopt",
  undefined,
  Object {
    "data": Array [
      82,
      69,
      83,
      85,
      77,
      69,
      45,
      76,
      73,
      83,
      84,
      69,
      78,
      69,
      82,
      45,
      84,
      79,
      80,
      73,
      67,
    ],
    "type": "Buffer",
  },
  "sub.setsockopt",
  undefined,
  Object {
    "data": Array [
      65,
      67,
      75,
      78,
      79,
      87,
      76,
      69,
      68,
      71,
      69,
      45,
      66,
      65,
      84,
      67,
      72,
      45,
      84,
      79,
      80,
      73,
      67,
    ],
    "type": "Buffer",
  },
  "sub.setsockopt",
  undefined,
  Object {
    "data": Array [
      73,
      78,
      70,
      79,
      82,
      77,
      65,
      84,
      73,
      79,
      78,
      45,
      84,
      79,
      80,
      73,
      67,
    ],
    "type": "Buffer",
  },
  "sub.setsockopt",
  undefined,
  Object {
    "data": Array [
      80,
      82,
      79,
      80,
      69,
      82,
      84,
      73,
      69,
      83,
      45,
      84,
      79,
      80,
      73,
      67,
    ],
    "type": "Buffer",
  },
  "sub.bindSync",
  "tcp://127.0.0.1:3501",
  "sub.on",
  "message",
]
`;

exports[`main broker tests sub <- INCOMING_TOPICS.INFORMATION_TOPIC 1`] = `
Array [
  "zmq.socket",
  "xpub",
  "xpub.setsockopt",
  undefined,
  1000,
  "xpub.setsockopt",
  undefined,
  0,
  "xpub.bindSync",
  "tcp://127.0.0.1:3500",
  "xpub.on",
  "message",
  "zmq.socket",
  "sub",
  "sub.setsockopt",
  undefined,
  Object {
    "data": Array [
      69,
      86,
      69,
      78,
      84,
      45,
      84,
      79,
      80,
      73,
      67,
    ],
    "type": "Buffer",
  },
  "sub.setsockopt",
  undefined,
  Object {
    "data": Array [
      82,
      69,
      83,
      69,
      84,
      45,
      76,
      73,
      83,
      84,
      69,
      78,
      69,
      82,
      45,
      84,
      79,
      80,
      73,
      67,
    ],
    "type": "Buffer",
  },
  "sub.setsockopt",
  undefined,
  Object {
    "data": Array [
      80,
      65,
      85,
      83,
      69,
      45,
      76,
      73,
      83,
      84,
      69,
      78,
      69,
      82,
      45,
      84,
      79,
      80,
      73,
      67,
    ],
    "type": "Buffer",
  },
  "sub.setsockopt",
  undefined,
  Object {
    "data": Array [
      82,
      69,
      83,
      85,
      77,
      69,
      45,
      76,
      73,
      83,
      84,
      69,
      78,
      69,
      82,
      45,
      84,
      79,
      80,
      73,
      67,
    ],
    "type": "Buffer",
  },
  "sub.setsockopt",
  undefined,
  Object {
    "data": Array [
      65,
      67,
      75,
      78,
      79,
      87,
      76,
      69,
      68,
      71,
      69,
      45,
      66,
      65,
      84,
      67,
      72,
      45,
      84,
      79,
      80,
      73,
      67,
    ],
    "type": "Buffer",
  },
  "sub.setsockopt",
  undefined,
  Object {
    "data": Array [
      73,
      78,
      70,
      79,
      82,
      77,
      65,
      84,
      73,
      79,
      78,
      45,
      84,
      79,
      80,
      73,
      67,
    ],
    "type": "Buffer",
  },
  "sub.setsockopt",
  undefined,
  Object {
    "data": Array [
      80,
      82,
      79,
      80,
      69,
      82,
      84,
      73,
      69,
      83,
      45,
      84,
      79,
      80,
      73,
      67,
    ],
    "type": "Buffer",
  },
  "sub.bindSync",
  "tcp://127.0.0.1:3501",
  "sub.on",
  "message",
  "xpub.send",
  "X19SRVNPTFZFX0lORk9STUFUSU9OX1RPUElDX18=-Y2xpZW50SWQ= eyJtZXNzYWdlR3VpZCI6Im1lc3NhZ2VHdWlkIiwiaW5mb3JtYXRpb24iOm51bGx9",
]
`;

exports[`main broker tests sub <- INCOMING_TOPICS.PAUSE_LISTENER_TOPIC 1`] = `
Array [
  "zmq.socket",
  "xpub",
  "xpub.setsockopt",
  undefined,
  1000,
  "xpub.setsockopt",
  undefined,
  0,
  "xpub.bindSync",
  "tcp://127.0.0.1:3500",
  "xpub.on",
  "message",
  "zmq.socket",
  "sub",
  "sub.setsockopt",
  undefined,
  Object {
    "data": Array [
      69,
      86,
      69,
      78,
      84,
      45,
      84,
      79,
      80,
      73,
      67,
    ],
    "type": "Buffer",
  },
  "sub.setsockopt",
  undefined,
  Object {
    "data": Array [
      82,
      69,
      83,
      69,
      84,
      45,
      76,
      73,
      83,
      84,
      69,
      78,
      69,
      82,
      45,
      84,
      79,
      80,
      73,
      67,
    ],
    "type": "Buffer",
  },
  "sub.setsockopt",
  undefined,
  Object {
    "data": Array [
      80,
      65,
      85,
      83,
      69,
      45,
      76,
      73,
      83,
      84,
      69,
      78,
      69,
      82,
      45,
      84,
      79,
      80,
      73,
      67,
    ],
    "type": "Buffer",
  },
  "sub.setsockopt",
  undefined,
  Object {
    "data": Array [
      82,
      69,
      83,
      85,
      77,
      69,
      45,
      76,
      73,
      83,
      84,
      69,
      78,
      69,
      82,
      45,
      84,
      79,
      80,
      73,
      67,
    ],
    "type": "Buffer",
  },
  "sub.setsockopt",
  undefined,
  Object {
    "data": Array [
      65,
      67,
      75,
      78,
      79,
      87,
      76,
      69,
      68,
      71,
      69,
      45,
      66,
      65,
      84,
      67,
      72,
      45,
      84,
      79,
      80,
      73,
      67,
    ],
    "type": "Buffer",
  },
  "sub.setsockopt",
  undefined,
  Object {
    "data": Array [
      73,
      78,
      70,
      79,
      82,
      77,
      65,
      84,
      73,
      79,
      78,
      45,
      84,
      79,
      80,
      73,
      67,
    ],
    "type": "Buffer",
  },
  "sub.setsockopt",
  undefined,
  Object {
    "data": Array [
      80,
      82,
      79,
      80,
      69,
      82,
      84,
      73,
      69,
      83,
      45,
      84,
      79,
      80,
      73,
      67,
    ],
    "type": "Buffer",
  },
  "sub.bindSync",
  "tcp://127.0.0.1:3501",
  "sub.on",
  "message",
]
`;

exports[`main broker tests sub <- INCOMING_TOPICS.PROPERTIES_TOPIC "deleteProperty" 1`] = `
Array [
  "zmq.socket",
  "xpub",
  "xpub.setsockopt",
  undefined,
  1000,
  "xpub.setsockopt",
  undefined,
  0,
  "xpub.bindSync",
  "tcp://127.0.0.1:3500",
  "xpub.on",
  "message",
  "zmq.socket",
  "sub",
  "sub.setsockopt",
  undefined,
  Object {
    "data": Array [
      69,
      86,
      69,
      78,
      84,
      45,
      84,
      79,
      80,
      73,
      67,
    ],
    "type": "Buffer",
  },
  "sub.setsockopt",
  undefined,
  Object {
    "data": Array [
      82,
      69,
      83,
      69,
      84,
      45,
      76,
      73,
      83,
      84,
      69,
      78,
      69,
      82,
      45,
      84,
      79,
      80,
      73,
      67,
    ],
    "type": "Buffer",
  },
  "sub.setsockopt",
  undefined,
  Object {
    "data": Array [
      80,
      65,
      85,
      83,
      69,
      45,
      76,
      73,
      83,
      84,
      69,
      78,
      69,
      82,
      45,
      84,
      79,
      80,
      73,
      67,
    ],
    "type": "Buffer",
  },
  "sub.setsockopt",
  undefined,
  Object {
    "data": Array [
      82,
      69,
      83,
      85,
      77,
      69,
      45,
      76,
      73,
      83,
      84,
      69,
      78,
      69,
      82,
      45,
      84,
      79,
      80,
      73,
      67,
    ],
    "type": "Buffer",
  },
  "sub.setsockopt",
  undefined,
  Object {
    "data": Array [
      65,
      67,
      75,
      78,
      79,
      87,
      76,
      69,
      68,
      71,
      69,
      45,
      66,
      65,
      84,
      67,
      72,
      45,
      84,
      79,
      80,
      73,
      67,
    ],
    "type": "Buffer",
  },
  "sub.setsockopt",
  undefined,
  Object {
    "data": Array [
      73,
      78,
      70,
      79,
      82,
      77,
      65,
      84,
      73,
      79,
      78,
      45,
      84,
      79,
      80,
      73,
      67,
    ],
    "type": "Buffer",
  },
  "sub.setsockopt",
  undefined,
  Object {
    "data": Array [
      80,
      82,
      79,
      80,
      69,
      82,
      84,
      73,
      69,
      83,
      45,
      84,
      79,
      80,
      73,
      67,
    ],
    "type": "Buffer",
  },
  "sub.bindSync",
  "tcp://127.0.0.1:3501",
  "sub.on",
  "message",
  "xpub.send",
  "X19SRVNPTFZFX1BST1BFUlRJRVNfVE9QSUNfXw==-Y2xpZW50SWQ= eyJtZXNzYWdlR3VpZCI6Im1lc3NhZ2VHdWlkIiwicmVzdWx0Ijoib2sifQ==",
]
`;

exports[`main broker tests sub <- INCOMING_TOPICS.PROPERTIES_TOPIC "getProperty" 1`] = `
Array [
  "zmq.socket",
  "xpub",
  "xpub.setsockopt",
  undefined,
  1000,
  "xpub.setsockopt",
  undefined,
  0,
  "xpub.bindSync",
  "tcp://127.0.0.1:3500",
  "xpub.on",
  "message",
  "zmq.socket",
  "sub",
  "sub.setsockopt",
  undefined,
  Object {
    "data": Array [
      69,
      86,
      69,
      78,
      84,
      45,
      84,
      79,
      80,
      73,
      67,
    ],
    "type": "Buffer",
  },
  "sub.setsockopt",
  undefined,
  Object {
    "data": Array [
      82,
      69,
      83,
      69,
      84,
      45,
      76,
      73,
      83,
      84,
      69,
      78,
      69,
      82,
      45,
      84,
      79,
      80,
      73,
      67,
    ],
    "type": "Buffer",
  },
  "sub.setsockopt",
  undefined,
  Object {
    "data": Array [
      80,
      65,
      85,
      83,
      69,
      45,
      76,
      73,
      83,
      84,
      69,
      78,
      69,
      82,
      45,
      84,
      79,
      80,
      73,
      67,
    ],
    "type": "Buffer",
  },
  "sub.setsockopt",
  undefined,
  Object {
    "data": Array [
      82,
      69,
      83,
      85,
      77,
      69,
      45,
      76,
      73,
      83,
      84,
      69,
      78,
      69,
      82,
      45,
      84,
      79,
      80,
      73,
      67,
    ],
    "type": "Buffer",
  },
  "sub.setsockopt",
  undefined,
  Object {
    "data": Array [
      65,
      67,
      75,
      78,
      79,
      87,
      76,
      69,
      68,
      71,
      69,
      45,
      66,
      65,
      84,
      67,
      72,
      45,
      84,
      79,
      80,
      73,
      67,
    ],
    "type": "Buffer",
  },
  "sub.setsockopt",
  undefined,
  Object {
    "data": Array [
      73,
      78,
      70,
      79,
      82,
      77,
      65,
      84,
      73,
      79,
      78,
      45,
      84,
      79,
      80,
      73,
      67,
    ],
    "type": "Buffer",
  },
  "sub.setsockopt",
  undefined,
  Object {
    "data": Array [
      80,
      82,
      79,
      80,
      69,
      82,
      84,
      73,
      69,
      83,
      45,
      84,
      79,
      80,
      73,
      67,
    ],
    "type": "Buffer",
  },
  "sub.bindSync",
  "tcp://127.0.0.1:3501",
  "sub.on",
  "message",
  "xpub.send",
  "X19SRVNPTFZFX1BST1BFUlRJRVNfVE9QSUNfXw==-Y2xpZW50SWQ= eyJtZXNzYWdlR3VpZCI6Im1lc3NhZ2VHdWlkIn0=",
]
`;

exports[`main broker tests sub <- INCOMING_TOPICS.PROPERTIES_TOPIC "listProperties" 1`] = `
Array [
  "zmq.socket",
  "xpub",
  "xpub.setsockopt",
  undefined,
  1000,
  "xpub.setsockopt",
  undefined,
  0,
  "xpub.bindSync",
  "tcp://127.0.0.1:3500",
  "xpub.on",
  "message",
  "zmq.socket",
  "sub",
  "sub.setsockopt",
  undefined,
  Object {
    "data": Array [
      69,
      86,
      69,
      78,
      84,
      45,
      84,
      79,
      80,
      73,
      67,
    ],
    "type": "Buffer",
  },
  "sub.setsockopt",
  undefined,
  Object {
    "data": Array [
      82,
      69,
      83,
      69,
      84,
      45,
      76,
      73,
      83,
      84,
      69,
      78,
      69,
      82,
      45,
      84,
      79,
      80,
      73,
      67,
    ],
    "type": "Buffer",
  },
  "sub.setsockopt",
  undefined,
  Object {
    "data": Array [
      80,
      65,
      85,
      83,
      69,
      45,
      76,
      73,
      83,
      84,
      69,
      78,
      69,
      82,
      45,
      84,
      79,
      80,
      73,
      67,
    ],
    "type": "Buffer",
  },
  "sub.setsockopt",
  undefined,
  Object {
    "data": Array [
      82,
      69,
      83,
      85,
      77,
      69,
      45,
      76,
      73,
      83,
      84,
      69,
      78,
      69,
      82,
      45,
      84,
      79,
      80,
      73,
      67,
    ],
    "type": "Buffer",
  },
  "sub.setsockopt",
  undefined,
  Object {
    "data": Array [
      65,
      67,
      75,
      78,
      79,
      87,
      76,
      69,
      68,
      71,
      69,
      45,
      66,
      65,
      84,
      67,
      72,
      45,
      84,
      79,
      80,
      73,
      67,
    ],
    "type": "Buffer",
  },
  "sub.setsockopt",
  undefined,
  Object {
    "data": Array [
      73,
      78,
      70,
      79,
      82,
      77,
      65,
      84,
      73,
      79,
      78,
      45,
      84,
      79,
      80,
      73,
      67,
    ],
    "type": "Buffer",
  },
  "sub.setsockopt",
  undefined,
  Object {
    "data": Array [
      80,
      82,
      79,
      80,
      69,
      82,
      84,
      73,
      69,
      83,
      45,
      84,
      79,
      80,
      73,
      67,
    ],
    "type": "Buffer",
  },
  "sub.bindSync",
  "tcp://127.0.0.1:3501",
  "sub.on",
  "message",
  "xpub.send",
  "X19SRVNPTFZFX1BST1BFUlRJRVNfVE9QSUNfXw==-Y2xpZW50SWQ= eyJtZXNzYWdlR3VpZCI6Im1lc3NhZ2VHdWlkIiwicmVzdWx0Ijp7IlJFU09MVkVfU0lERV9FRkZFQ1RTX1NUQVJUX1RJTUVTVEFNUCI6MH19",
]
`;

exports[`main broker tests sub <- INCOMING_TOPICS.PROPERTIES_TOPIC "setProperty" 1`] = `
Array [
  "zmq.socket",
  "xpub",
  "xpub.setsockopt",
  undefined,
  1000,
  "xpub.setsockopt",
  undefined,
  0,
  "xpub.bindSync",
  "tcp://127.0.0.1:3500",
  "xpub.on",
  "message",
  "zmq.socket",
  "sub",
  "sub.setsockopt",
  undefined,
  Object {
    "data": Array [
      69,
      86,
      69,
      78,
      84,
      45,
      84,
      79,
      80,
      73,
      67,
    ],
    "type": "Buffer",
  },
  "sub.setsockopt",
  undefined,
  Object {
    "data": Array [
      82,
      69,
      83,
      69,
      84,
      45,
      76,
      73,
      83,
      84,
      69,
      78,
      69,
      82,
      45,
      84,
      79,
      80,
      73,
      67,
    ],
    "type": "Buffer",
  },
  "sub.setsockopt",
  undefined,
  Object {
    "data": Array [
      80,
      65,
      85,
      83,
      69,
      45,
      76,
      73,
      83,
      84,
      69,
      78,
      69,
      82,
      45,
      84,
      79,
      80,
      73,
      67,
    ],
    "type": "Buffer",
  },
  "sub.setsockopt",
  undefined,
  Object {
    "data": Array [
      82,
      69,
      83,
      85,
      77,
      69,
      45,
      76,
      73,
      83,
      84,
      69,
      78,
      69,
      82,
      45,
      84,
      79,
      80,
      73,
      67,
    ],
    "type": "Buffer",
  },
  "sub.setsockopt",
  undefined,
  Object {
    "data": Array [
      65,
      67,
      75,
      78,
      79,
      87,
      76,
      69,
      68,
      71,
      69,
      45,
      66,
      65,
      84,
      67,
      72,
      45,
      84,
      79,
      80,
      73,
      67,
    ],
    "type": "Buffer",
  },
  "sub.setsockopt",
  undefined,
  Object {
    "data": Array [
      73,
      78,
      70,
      79,
      82,
      77,
      65,
      84,
      73,
      79,
      78,
      45,
      84,
      79,
      80,
      73,
      67,
    ],
    "type": "Buffer",
  },
  "sub.setsockopt",
  undefined,
  Object {
    "data": Array [
      80,
      82,
      79,
      80,
      69,
      82,
      84,
      73,
      69,
      83,
      45,
      84,
      79,
      80,
      73,
      67,
    ],
    "type": "Buffer",
  },
  "sub.bindSync",
  "tcp://127.0.0.1:3501",
  "sub.on",
  "message",
  "xpub.send",
  "X19SRVNPTFZFX1BST1BFUlRJRVNfVE9QSUNfXw==-Y2xpZW50SWQ= eyJtZXNzYWdlR3VpZCI6Im1lc3NhZ2VHdWlkIiwicmVzdWx0Ijoib2sifQ==",
]
`;

exports[`main broker tests sub <- INCOMING_TOPICS.RESET_LISTENER_TOPIC 1`] = `
Array [
  "zmq.socket",
  "xpub",
  "xpub.setsockopt",
  undefined,
  1000,
  "xpub.setsockopt",
  undefined,
  0,
  "xpub.bindSync",
  "tcp://127.0.0.1:3500",
  "xpub.on",
  "message",
  "zmq.socket",
  "sub",
  "sub.setsockopt",
  undefined,
  Object {
    "data": Array [
      69,
      86,
      69,
      78,
      84,
      45,
      84,
      79,
      80,
      73,
      67,
    ],
    "type": "Buffer",
  },
  "sub.setsockopt",
  undefined,
  Object {
    "data": Array [
      82,
      69,
      83,
      69,
      84,
      45,
      76,
      73,
      83,
      84,
      69,
      78,
      69,
      82,
      45,
      84,
      79,
      80,
      73,
      67,
    ],
    "type": "Buffer",
  },
  "sub.setsockopt",
  undefined,
  Object {
    "data": Array [
      80,
      65,
      85,
      83,
      69,
      45,
      76,
      73,
      83,
      84,
      69,
      78,
      69,
      82,
      45,
      84,
      79,
      80,
      73,
      67,
    ],
    "type": "Buffer",
  },
  "sub.setsockopt",
  undefined,
  Object {
    "data": Array [
      82,
      69,
      83,
      85,
      77,
      69,
      45,
      76,
      73,
      83,
      84,
      69,
      78,
      69,
      82,
      45,
      84,
      79,
      80,
      73,
      67,
    ],
    "type": "Buffer",
  },
  "sub.setsockopt",
  undefined,
  Object {
    "data": Array [
      65,
      67,
      75,
      78,
      79,
      87,
      76,
      69,
      68,
      71,
      69,
      45,
      66,
      65,
      84,
      67,
      72,
      45,
      84,
      79,
      80,
      73,
      67,
    ],
    "type": "Buffer",
  },
  "sub.setsockopt",
  undefined,
  Object {
    "data": Array [
      73,
      78,
      70,
      79,
      82,
      77,
      65,
      84,
      73,
      79,
      78,
      45,
      84,
      79,
      80,
      73,
      67,
    ],
    "type": "Buffer",
  },
  "sub.setsockopt",
  undefined,
  Object {
    "data": Array [
      80,
      82,
      79,
      80,
      69,
      82,
      84,
      73,
      69,
      83,
      45,
      84,
      79,
      80,
      73,
      67,
    ],
    "type": "Buffer",
  },
  "sub.bindSync",
  "tcp://127.0.0.1:3501",
  "sub.on",
  "message",
  "xpub.send",
  "X19SRVNPTFZFX1JFU0VUX0xJU1RFTkVSX0FDS05PV0xFREdFX1RPUElDX18=-Y2xpZW50SWQ= eyJtZXNzYWdlR3VpZCI6Im1lc3NhZ2VHdWlkIn0=",
]
`;

exports[`main broker tests sub <- INCOMING_TOPICS.RESUME_LISTENER_TOPIC 1`] = `
Array [
  "zmq.socket",
  "xpub",
  "xpub.setsockopt",
  undefined,
  1000,
  "xpub.setsockopt",
  undefined,
  0,
  "xpub.bindSync",
  "tcp://127.0.0.1:3500",
  "xpub.on",
  "message",
  "zmq.socket",
  "sub",
  "sub.setsockopt",
  undefined,
  Object {
    "data": Array [
      69,
      86,
      69,
      78,
      84,
      45,
      84,
      79,
      80,
      73,
      67,
    ],
    "type": "Buffer",
  },
  "sub.setsockopt",
  undefined,
  Object {
    "data": Array [
      82,
      69,
      83,
      69,
      84,
      45,
      76,
      73,
      83,
      84,
      69,
      78,
      69,
      82,
      45,
      84,
      79,
      80,
      73,
      67,
    ],
    "type": "Buffer",
  },
  "sub.setsockopt",
  undefined,
  Object {
    "data": Array [
      80,
      65,
      85,
      83,
      69,
      45,
      76,
      73,
      83,
      84,
      69,
      78,
      69,
      82,
      45,
      84,
      79,
      80,
      73,
      67,
    ],
    "type": "Buffer",
  },
  "sub.setsockopt",
  undefined,
  Object {
    "data": Array [
      82,
      69,
      83,
      85,
      77,
      69,
      45,
      76,
      73,
      83,
      84,
      69,
      78,
      69,
      82,
      45,
      84,
      79,
      80,
      73,
      67,
    ],
    "type": "Buffer",
  },
  "sub.setsockopt",
  undefined,
  Object {
    "data": Array [
      65,
      67,
      75,
      78,
      79,
      87,
      76,
      69,
      68,
      71,
      69,
      45,
      66,
      65,
      84,
      67,
      72,
      45,
      84,
      79,
      80,
      73,
      67,
    ],
    "type": "Buffer",
  },
  "sub.setsockopt",
  undefined,
  Object {
    "data": Array [
      73,
      78,
      70,
      79,
      82,
      77,
      65,
      84,
      73,
      79,
      78,
      45,
      84,
      79,
      80,
      73,
      67,
    ],
    "type": "Buffer",
  },
  "sub.setsockopt",
  undefined,
  Object {
    "data": Array [
      80,
      82,
      79,
      80,
      69,
      82,
      84,
      73,
      69,
      83,
      45,
      84,
      79,
      80,
      73,
      67,
    ],
    "type": "Buffer",
  },
  "sub.bindSync",
  "tcp://127.0.0.1:3501",
  "sub.on",
  "message",
]
`;

exports[`main broker tests xpub subscribe 1`] = `
Array [
  "zmq.socket",
  "xpub",
  "xpub.setsockopt",
  undefined,
  1000,
  "xpub.setsockopt",
  undefined,
  0,
  "xpub.bindSync",
  "tcp://127.0.0.1:3500",
  "xpub.on",
  "message",
  "zmq.socket",
  "sub",
  "sub.setsockopt",
  undefined,
  Object {
    "data": Array [
      69,
      86,
      69,
      78,
      84,
      45,
      84,
      79,
      80,
      73,
      67,
    ],
    "type": "Buffer",
  },
  "sub.setsockopt",
  undefined,
  Object {
    "data": Array [
      82,
      69,
      83,
      69,
      84,
      45,
      76,
      73,
      83,
      84,
      69,
      78,
      69,
      82,
      45,
      84,
      79,
      80,
      73,
      67,
    ],
    "type": "Buffer",
  },
  "sub.setsockopt",
  undefined,
  Object {
    "data": Array [
      80,
      65,
      85,
      83,
      69,
      45,
      76,
      73,
      83,
      84,
      69,
      78,
      69,
      82,
      45,
      84,
      79,
      80,
      73,
      67,
    ],
    "type": "Buffer",
  },
  "sub.setsockopt",
  undefined,
  Object {
    "data": Array [
      82,
      69,
      83,
      85,
      77,
      69,
      45,
      76,
      73,
      83,
      84,
      69,
      78,
      69,
      82,
      45,
      84,
      79,
      80,
      73,
      67,
    ],
    "type": "Buffer",
  },
  "sub.setsockopt",
  undefined,
  Object {
    "data": Array [
      65,
      67,
      75,
      78,
      79,
      87,
      76,
      69,
      68,
      71,
      69,
      45,
      66,
      65,
      84,
      67,
      72,
      45,
      84,
      79,
      80,
      73,
      67,
    ],
    "type": "Buffer",
  },
  "sub.setsockopt",
  undefined,
  Object {
    "data": Array [
      73,
      78,
      70,
      79,
      82,
      77,
      65,
      84,
      73,
      79,
      78,
      45,
      84,
      79,
      80,
      73,
      67,
    ],
    "type": "Buffer",
  },
  "sub.setsockopt",
  undefined,
  Object {
    "data": Array [
      80,
      82,
      79,
      80,
      69,
      82,
      84,
      73,
      69,
      83,
      45,
      84,
      79,
      80,
      73,
      67,
    ],
    "type": "Buffer",
  },
  "sub.bindSync",
  "tcp://127.0.0.1:3501",
  "sub.on",
  "message",
  "xpub.send",
  "bGlzdGVuZXJJZA==-Y2xpZW50SWQ= eyJtZXNzYWdlR3VpZCI6ImN1aWQiLCJwcm9wZXJ0aWVzIjp7IlJFU09MVkVfU0lERV9FRkZFQ1RTX1NUQVJUX1RJTUVTVEFNUCI6MH0sImV2ZW50cyI6W3sidHlwZSI6IkluaXQifV19",
  "xpub.send",
  "bGlzdGVuZXJJZA==-Y2xpZW50SWQ= eyJtZXNzYWdlR3VpZCI6ImN1aWQiLCJwcm9wZXJ0aWVzIjp7IlJFU09MVkVfU0lERV9FRkZFQ1RTX1NUQVJUX1RJTUVTVEFNUCI6MH0sImV2ZW50cyI6W3sidHlwZSI6IlRlc3QifV19",
  "xpub.send",
  "bGlzdGVuZXJJZA==-Y2xpZW50SWQ= eyJtZXNzYWdlR3VpZCI6ImN1aWQiLCJwcm9wZXJ0aWVzIjp7IlJFU09MVkVfU0lERV9FRkZFQ1RTX1NUQVJUX1RJTUVTVEFNUCI6MH0sImV2ZW50cyI6W119",
]
`;

exports[`main broker tests xpub unsubscribe 1`] = `
Array [
  "zmq.socket",
  "xpub",
  "xpub.setsockopt",
  undefined,
  1000,
  "xpub.setsockopt",
  undefined,
  0,
  "xpub.bindSync",
  "tcp://127.0.0.1:3500",
  "xpub.on",
  "message",
  "zmq.socket",
  "sub",
  "sub.setsockopt",
  undefined,
  Object {
    "data": Array [
      69,
      86,
      69,
      78,
      84,
      45,
      84,
      79,
      80,
      73,
      67,
    ],
    "type": "Buffer",
  },
  "sub.setsockopt",
  undefined,
  Object {
    "data": Array [
      82,
      69,
      83,
      69,
      84,
      45,
      76,
      73,
      83,
      84,
      69,
      78,
      69,
      82,
      45,
      84,
      79,
      80,
      73,
      67,
    ],
    "type": "Buffer",
  },
  "sub.setsockopt",
  undefined,
  Object {
    "data": Array [
      80,
      65,
      85,
      83,
      69,
      45,
      76,
      73,
      83,
      84,
      69,
      78,
      69,
      82,
      45,
      84,
      79,
      80,
      73,
      67,
    ],
    "type": "Buffer",
  },
  "sub.setsockopt",
  undefined,
  Object {
    "data": Array [
      82,
      69,
      83,
      85,
      77,
      69,
      45,
      76,
      73,
      83,
      84,
      69,
      78,
      69,
      82,
      45,
      84,
      79,
      80,
      73,
      67,
    ],
    "type": "Buffer",
  },
  "sub.setsockopt",
  undefined,
  Object {
    "data": Array [
      65,
      67,
      75,
      78,
      79,
      87,
      76,
      69,
      68,
      71,
      69,
      45,
      66,
      65,
      84,
      67,
      72,
      45,
      84,
      79,
      80,
      73,
      67,
    ],
    "type": "Buffer",
  },
  "sub.setsockopt",
  undefined,
  Object {
    "data": Array [
      73,
      78,
      70,
      79,
      82,
      77,
      65,
      84,
      73,
      79,
      78,
      45,
      84,
      79,
      80,
      73,
      67,
    ],
    "type": "Buffer",
  },
  "sub.setsockopt",
  undefined,
  Object {
    "data": Array [
      80,
      82,
      79,
      80,
      69,
      82,
      84,
      73,
      69,
      83,
      45,
      84,
      79,
      80,
      73,
      67,
    ],
    "type": "Buffer",
  },
  "sub.bindSync",
  "tcp://127.0.0.1:3501",
  "sub.on",
  "message",
]
`;
