// Jest Snapshot v1, https://goo.gl/fbAQLP

exports[`base config works correctly [server] 1`] = `
"
import '$resolve.guardOnlyServer'
import handler_0_instance from \\"<MONOREPO_DIR>/tools/scripts/test/alias/files/testApiHandler.js\\"
const constructorBindFunction =
    (
      constructorFunction,
      compileTimeOptions,
      compileTimeImports,
      runTimeOptions,
      runTimeImports
    ) => constructorFunction(
      { ...compileTimeOptions, ...runTimeOptions },
      { ...compileTimeImports, ...runTimeImports }
    )
const idempotentFunction = value => value

const path_0 = \\"/api/api-handler\\"
const method_0 = \\"get\\"
const handler_0 = handler_0_instance

const apiHandlers = []

apiHandlers.push({
  path: path_0
, handler: handler_0
, method: method_0
})

export default apiHandlers
"
`;
