// Jest Snapshot v1, https://goo.gl/fbAQLP

exports[`base config works correctly [client] 1`] = `undefined`;

exports[`base config works correctly [server] 1`] = `undefined`;

exports[`config with deep process.env failure [client] 1`] = `[Function]`;

exports[`config with deep process.env failure [server] 1`] = `[Function]`;

exports[`config with process.env failure [client] 1`] = `[Function]`;

exports[`config with process.env failure [server] 1`] = `[Function]`;
