// Jest Snapshot v1, https://goo.gl/fbAQLP

exports[`renders correctly 1`] = `
ShallowWrapper {
  Symbol(enzyme.__root__): [Circular],
  Symbol(enzyme.__unrendered__): <Logo />,
  Symbol(enzyme.__renderer__): Object {
    "batchedUpdates": [Function],
    "getNode": [Function],
    "render": [Function],
    "simulateError": [Function],
    "simulateEvent": [Function],
    "unmount": [Function],
  },
  Symbol(enzyme.__node__): Object {
    "instance": null,
    "key": undefined,
    "nodeType": "function",
    "props": Object {
      "children": Array [
        <Image
          source={[Function]}
          style={
            Object {
              "height": 35,
              "width": 35,
            }
          }
        />,
        <Text
          style={
            Object {
              "fontSize": 27,
              "marginBottom": 30,
              "marginLeft": 5,
            }
          }
        >
          Shopping List
        </Text>,
      ],
      "style": Object {
        "flexDirection": "row",
        "flexWrap": "wrap",
      },
    },
    "ref": null,
    "rendered": Array [
      Object {
        "instance": null,
        "key": undefined,
        "nodeType": "function",
        "props": Object {
          "source": [Function],
          "style": Object {
            "height": 35,
            "width": 35,
          },
        },
        "ref": null,
        "rendered": null,
        "type": [Function],
      },
      Object {
        "instance": null,
        "key": undefined,
        "nodeType": "function",
        "props": Object {
          "children": "Shopping List",
          "style": Object {
            "fontSize": 27,
            "marginBottom": 30,
            "marginLeft": 5,
          },
        },
        "ref": null,
        "rendered": "Shopping List",
        "type": [Function],
      },
    ],
    "type": [Function],
  },
  Symbol(enzyme.__nodes__): Array [
    Object {
      "instance": null,
      "key": undefined,
      "nodeType": "function",
      "props": Object {
        "children": Array [
          <Image
            source={[Function]}
            style={
              Object {
                "height": 35,
                "width": 35,
              }
            }
          />,
          <Text
            style={
              Object {
                "fontSize": 27,
                "marginBottom": 30,
                "marginLeft": 5,
              }
            }
          >
            Shopping List
          </Text>,
        ],
        "style": Object {
          "flexDirection": "row",
          "flexWrap": "wrap",
        },
      },
      "ref": null,
      "rendered": Array [
        Object {
          "instance": null,
          "key": undefined,
          "nodeType": "function",
          "props": Object {
            "source": [Function],
            "style": Object {
              "height": 35,
              "width": 35,
            },
          },
          "ref": null,
          "rendered": null,
          "type": [Function],
        },
        Object {
          "instance": null,
          "key": undefined,
          "nodeType": "function",
          "props": Object {
            "children": "Shopping List",
            "style": Object {
              "fontSize": 27,
              "marginBottom": 30,
              "marginLeft": 5,
            },
          },
          "ref": null,
          "rendered": "Shopping List",
          "type": [Function],
        },
      ],
      "type": [Function],
    },
  ],
  Symbol(enzyme.__options__): Object {
    "adapter": ReactSixteenAdapter {
      "options": Object {
        "enableComponentDidUpdateOnSetState": true,
        "lifecycles": Object {
          "componentDidUpdate": Object {
            "onSetState": true,
          },
          "getDerivedStateFromProps": true,
          "getSnapshotBeforeUpdate": true,
          "setState": Object {
            "skipsComponentDidUpdateOnNullish": true,
          },
        },
      },
    },
  },
}
`;
