// Jest Snapshot v1, https://goo.gl/fbAQLP

exports[`base config works correctly [server] 1`] = `
"

import source_0_original_instance from \\"<MONOREPO_DIR>/core/resolve-scripts/test/alias/files/testSagaCronHandlers.js\\"
const constructorBindFunction =
    (
      constructorFunction,
      compileTimeOptions,
      compileTimeImports,
      runTimeOptions,
      runTimeImports
    ) => constructorFunction(
      { ...compileTimeOptions, ...runTimeOptions },
      { ...compileTimeImports, ...runTimeImports }
    )
const idempotentFunction = value => value

const name_0 = \\"Saga\\"
const connectorName_0 = undefined
const schedulerName_0 = undefined
const source_0_original = source_0_original_instance
const sideEffects_0_original = null
const source_0 = sideEffects_0_original == null
      ? source_0_original : {
        handlers: source_0_original,
        sideEffects: sideEffects_0_original
      }
    

const sagas = []

sagas.push({
  name: name_0
, connectorName: connectorName_0
, schedulerName: schedulerName_0
, source: source_0
})

export default sagas
"
`;
