// Jest Snapshot v1, https://goo.gl/fbAQLP

exports[`base config works correctly [client] 1`] = `
"
import subscribe_adapter_constructor from \\"resolve-subscribe-socket.io\\"
const constructorBindFunction =
    (
      constructorFunction,
      compileTimeOptions,
      compileTimeImports,
      runTimeOptions,
      runTimeImports
    ) => constructorFunction(
      { ...compileTimeOptions, ...runTimeOptions },
      { ...compileTimeImports, ...runTimeImports }
    )
const idempotentFunction = value => value
const subscribe_adapter_imports = {  }
const subscribe_adapter_options = {
  \\"url\\": \\"http://test.test\\"
}
const subscribe_adapter = constructorBindFunction.bind(null,
      subscribe_adapter_constructor,
      subscribe_adapter_options,
      subscribe_adapter_imports
    )
    Object.assign(subscribe_adapter, subscribe_adapter_constructor)
    
export default subscribe_adapter
"
`;
