// Jest Snapshot v1, https://goo.gl/fbAQLP

exports[`base config works correctly [client] 1`] = `
"const customConstants = {
  \\"AAA\\": \\"AaA\\",
  \\"BBB\\": 123,
  \\"CCC\\": true,
  \\"DDD\\": {
    \\"a\\": 5,
    \\"b\\": 10,
    \\"c\\": 20
  }
}

module.exports = customConstants"
`;

exports[`base config works correctly [server] 1`] = `
"const customConstants = {
  \\"AAA\\": \\"AaA\\",
  \\"BBB\\": 123,
  \\"CCC\\": true,
  \\"DDD\\": {
    \\"a\\": 5,
    \\"b\\": 10,
    \\"c\\": 20
  }
}

module.exports = customConstants"
`;
