// Jest Snapshot v1, https://goo.gl/fbAQLP

exports[`connect should connect to mysql database 1`] = `
Array [
  Object {
    "database": "database",
    "host": "host",
    "multipleStatements": true,
    "password": "password",
    "port": "port",
    "user": "user",
  },
]
`;
